com\sprint1\CabBooking\exception\EmptyInputException.class
com\sprint1\CabBooking\repository\IDriverRepository.class
com\sprint1\CabBooking\entity\Driver.class
com\sprint1\CabBooking\Helper\TripBookingHelper.class
com\sprint1\CabBooking\restController\CabController.class
com\sprint1\CabBooking\service\TripBookingServiceImpl.class
com\sprint1\CabBooking\bean\TripBookingBean.class
com\sprint1\CabBooking\exception\InvalidTypeIdException.class
com\sprint1\CabBooking\entity\Cab.class
com\sprint1\CabBooking\repository\ICabRepository.class
com\sprint1\CabBooking\restController\CustomerController.class
com\sprint1\CabBooking\service\CabService.class
com\sprint1\CabBooking\advice\MyControllerAdvice.class
com\sprint1\CabBooking\restController\UserController.class
com\sprint1\CabBooking\CabBookingApplication.class
com\sprint1\CabBooking\entity\Customer.class
com\sprint1\CabBooking\service\CustomerServiceImpl.class
com\sprint1\CabBooking\restController\TripBookingController.class
com\sprint1\CabBooking\bean\DriverBean.class
com\sprint1\CabBooking\service\UserServiceImpl.class
com\sprint1\CabBooking\repository\IUserRepository.class
com\sprint1\CabBooking\bean\CustomerBean.class
com\sprint1\CabBooking\service\DriverServiceImpl.class
com\sprint1\CabBooking\repository\ICustomerRepository.class
com\sprint1\CabBooking\entity\TripBooking.class
com\sprint1\CabBooking\entity\Abstractuser.class
com\sprint1\CabBooking\restController\DriverController.class
com\sprint1\CabBooking\Helper\CustomerHelper.class
com\sprint1\CabBooking\repository\ITripBookingRepository.class
